*%(basename)s:9: SyntaxError: Invalid left-hand side in for-loop
function f() { for ("unassignable" in {}); }
                    ^^^^^^^^^^^^^^
SyntaxError: Invalid left-hand side in for-loop

