*%(basename)s:32: SyntaxError: Octal literals are not allowed in strict mode.
  var x = "hello\040world";
                 ^^
SyntaxError: Octal literals are not allowed in strict mode.
