*%(basename)s:33: SyntaxError: Octal literals are not allowed in strict mode.
  "use\040strict";
       ^^
SyntaxError: Octal literals are not allowed in strict mode.
