{
    "cleanicons": [{
        "name": "account",
        "unicode": ["\uE001"],
        "dX": 0,
        "dY": 0,
        "scaleX": 1,
        "scaleY": 1,
        "width": 150,
        "height": 150
    }, {
        "name": "arrow-down",
        "unicode": ["\uE002"],
        "dX": 0,
        "dY": 0,
        "scaleX": 1,
        "scaleY": 1,
        "width": 150,
        "height": 150,
        "color": "#0F9925"
    }, {
        "name": "arrow-left",
        "unicode": ["\uE003"],
        "dX": 0,
        "dY": 0,
        "scaleX": 1,
        "scaleY": 1,
        "width": 150,
        "height": 150,
        "color": "black"
    }, {
        "name": "arrow-right",
        "unicode": ["\uE004"],
        "dX": 0,
        "dY": 0,
        "scaleX": 1,
        "scaleY": 1,
        "width": 150,
        "height": 150,
        "color": "red"
    }, {
        "name": "arrow-up",
        "unicode": ["\uE005"],
        "dX": 0,
        "dY": 0,
        "scaleX": 1,
        "scaleY": 1,
        "width": 150,
        "height": 150,
        "color": "blue"
    }, {
        "name": "basket",
        "unicode": ["\uE006"],
        "dX": 0,
        "dY": 0,
        "scaleX": 1,
        "scaleY": 1,
        "width": 150,
        "height": 150,
        "color": "#F9CE42"
    }, {
        "name": "close",
        "unicode": ["\uE007"],
        "dX": 0,
        "dY": 0,
        "scaleX": 1,
        "scaleY": 1,
        "width": 150,
        "height": 150,
        "color": "purple"
    }, {
        "name": "minus",
        "unicode": ["\uE008"],
        "dX": 0,
        "dY": 0,
        "scaleX": 1,
        "scaleY": 1,
        "width": 150,
        "height": 150
    }, {
        "name": "plus",
        "unicode": ["\uE009"],
        "dX": 0,
        "dY": 0,
        "scaleX": 1,
        "scaleY": 1,
        "width": 150,
        "height": 150,
        "color": "#F0F"
    }, {
        "name": "search",
        "unicode": ["\uE00A"],
        "dX": 0,
        "dY": 0,
        "scaleX": 1,
        "scaleY": 1,
        "width": 150,
        "height": 150,
        "color": "black"
    }],
    "multipathicons": [{
        "name": "basket",
        "unicode": ["\uE001"],
        "dX": 0,
        "dY": 0,
        "scaleX": 1,
        "scaleY": 1,
        "width": 150,
        "height": 150,
        "color": "yellow"
    }, {
        "name": "kikoolol",
        "unicode": ["\uE002"],
        "dX": 0,
        "dY": 0,
        "scaleX": 1,
        "scaleY": 1,
        "width": 150,
        "height": 150,
        "color": "black"
    }],
    "originalicons": [{
        "name": "mute",
        "unicode": ["\uE001"],
        "dX": 0,
        "dY": 0,
        "scaleX": 1,
        "scaleY": 1,
        "width": 439,
        "height": 1024,
        "color": "black"
    }, {
        "name": "sound",
        "unicode": ["\uE002"],
        "dX": 0,
        "dY": 0,
        "scaleX": 1,
        "scaleY": 1,
        "width": 439,
        "height": 1024
    }, {
        "name": "speaker",
        "unicode": ["\uE003"],
        "dX": 0,
        "dY": 0,
        "scaleX": 1,
        "scaleY": 1,
        "width": 511.9057,
        "height": 1024,
        "color": "#0F0"
    }],
    "prefixedicons": [{
        "name": "arrow-down",
        "unicode": ["\uE008"],
        "dX": 0,
        "dY": 0,
        "scaleX": 1,
        "scaleY": 1,
        "width": 150,
        "height": 150,
        "color": "green"
    }, {
        "name": "arrow-left",
        "unicode": ["\uE00F"],
        "dX": 0,
        "dY": 0,
        "scaleX": 1,
        "scaleY": 1,
        "width": 150,
        "height": 150,
        "color": "black"
    }, {
        "name": "arrow-right",
        "unicode": ["\uE013"],
        "dX": 0,
        "dY": 0,
        "scaleX": 1,
        "scaleY": 1,
        "width": 150,
        "height": 150,
        "color": "#0F0F0F"
    }, {
        "name": "arrow-up",
        "unicode": ["\uE014"],
        "dX": 0,
        "dY": 0,
        "scaleX": 1,
        "scaleY": 1,
        "width": 150,
        "height": 150,
        "color": "#F4F4F4"
    }],
    "shapeicons": [{
        "name": "circle",
        "unicode": ["\uE001"],
        "dX": 0,
        "dY": 0,
        "scaleX": 1,
        "scaleY": 1,
        "width": 150,
        "height": 150,
        "color": "red"
    }, {
        "name": "ellipse",
        "unicode": ["\uE002"],
        "dX": 0,
        "dY": 0,
        "scaleX": 1,
        "scaleY": 1,
        "width": 150,
        "height": 150,
        "color": "#1F1F1F"
    }, {
        "name": "lines",
        "unicode": ["\uE003"],
        "dX": 0,
        "dY": 0,
        "scaleX": 1,
        "scaleY": 1,
        "width": 150,
        "height": 150,
        "color": "#8F8F8F"
    }, {
        "name": "polygon",
        "unicode": ["\uE004"],
        "dX": 0,
        "dY": 0,
        "scaleX": 1,
        "scaleY": 1,
        "width": 150,
        "height": 150
    }, {
        "name": "polyline",
        "unicode": ["\uE005"],
        "dX": 0,
        "dY": 0,
        "scaleX": 1,
        "scaleY": 1,
        "width": 150,
        "height": 150
    }, {
        "name": "rect",
        "unicode": ["\uE006"],
        "dX": 0,
        "dY": 0,
        "scaleX": 1,
        "scaleY": 1,
        "width": 150,
        "height": 150
    }]
}
