
*test*message*throw_null.js:4
throw null;
^
null
