
*test*message*throw_undefined.js:4
throw undefined;
^
undefined
