<html><body style="padding: 0; padding-top: 20px;"></body></html>
