<html><body>
<p id="test" class="woot" style="display: inline-block; border: 1px solid #f00;">Woot</p>
</body></html>
