<body style="color: red;">
<div class="<% foo bar baz foo bar baz foo bar baz foo bar baz foo bar baz foo bar baz foo bar baz foo bar baz foo bar baz foo bar baz"></div>
</body>
