<body style="color: red;">
{{ foo bar baz foo bar baz foo bar baz foo bar baz foo bar baz foo bar baz foo bar baz foo bar baz foo bar baz foo bar baz
</body>
