<html lang="en">
<head>
  <meta charset="UTF-8">
  <title>Testing</title>
</head>
<body style="padding: 5px;">
  <table style="padding: 5px; color: #333;">
    <tr>
      <td><a href="sdf">a test!</a></td>
    </tr>
  </table>
</body>
</html>