<div class="a" style="padding-bottom: 5px; padding: 10px; padding-top: 5px;"></div>
