<html style="font-family: sans-serif; -webkit-text-size-adjust: 100%; -ms-text-size-adjust: 100%;">
  <head>
  </head>
  <body style="margin: 0;">
    <h1 style="font-size: 2em; margin: 0.67em 0;">normalize.css</h1>
  </body>
</html>
