<html><body>
<p id="p" style="padding-bottom: 10px; padding: 0px;">woot</p>
</body></html>
