<html><body>
<div id="wrap" a="b">
  <div class="wrap" id="wrap-2" style="display: inline-block;">
    <div id="a" style="display: block; color: red; border-color: green; background: green;"></div>
  </div>
</div>
</body></html>
