<html><body>
<div>
  <div class="a b c d e f g h i j k l m n o" style="padding-top: 0; padding: 10px;"></div>
</div>
</body></html>
