<html>
<head>
    <style type="text/css">
p {
    color: blue;
}
</style>
</head>
<body>
    <p>hi</p>
</body>
</html>
