<html>
<head>
    
</head>
<body>
    <p style="height: 200px;">none</p>
    <table>
        <tr>
            <td class="px" style="height: 200px;" height="200">
                high
            </td>
            <td class="percentage" style="height: 50%;" height="50%">
                high
            </td>
        </tr>
    </table>
    <img src="" alt="high" class="px" style="height: 200px;" height="200">
    <img src="" alt="high" class="percentage" style="height: 50%;">
</body>
</html>
