<div>here<style>
@font-face {
  font-family: 'Extra';}
</style></div>
<div>not here</div>
<p></p>
