<div class="content" style="background: #002b36; color: #839496;">Hello!</div>