<div class="content" style="filter: progidDXImageTransform.Microsoft.gradient(startColorstr='argb(rgba(0,0,0,0.5))', endColorstr='argb(rgba(0,0,0,0))', GradientType=1);">Hello!</div>