<html style="color: #000; background: #FFF;">
<head>
    
</head>
<body style="margin: 0; padding: 0;">
</body>
</html>
