<html>
<head>
    <meta name="name" content="value"/>
</head>
<body>
    hello<br/>
    <img src=""/>
</body>
</html>
